
     _ _       _ _   _       _           _
 ___|_| |_ _ _|_| |_| |_ _ _| |_ ___ ___| |
|  _| | . | | | | | . | | | |   | -_| -_| |
|___|_|___|___|_|_|___|_____|_|_|___|___|_|

cibuildwheel version 3.3.1

Build options:
  platform: macos
  allow_empty: False
  architectures: arm64, universal2, x86_64
  build_selector: 
    build_config: cp312-macosx_universal2
    skip_config: 
    requires_python: >=3.9
    enable: ['cpython-freethreading', 'cpython-prerelease', 'graalpy', 'pyodide-prerelease', 'pypy', 'pypy-eol']
  output_dir: /Users/kodesairedhat.com/pylibssh/wheelhouse
  package_dir: /Users/kodesairedhat.com/pylibssh
  test_selector: 
    skip_config:
  before_all: 
  before_build: bash {project}/packaging/macos/cibuildwheel-before-build.sh
  before_test: 
  build_frontend: pip
  build_verbosity: 0
  config_settings: 
  container_engine: docker
  dependency_constraints: pinned
  environment: 
    MACOS_OUTPUT="packaging/macos/build"
  manylinux_images: None
  musllinux_images: None
  pyodide_version: None
  repair_command: delocate-wheel --require-archs {delocate_archs} -w {dest_dir} -v {wheel}
  test_command: python -Im pytest -m smoke --no-cov {project}/tests
  test_environment: 
  test_extras: 
  test_groups: 
  test_requires: 
    pytest
    pytest-cov
    pytest-xdist
  test_runtime: 
    args: ()
  test_sources: 
  xbuild_tools: None

Cache folder: /Users/kodesairedhat.com/Library/Caches/cibuildwheel

Here we go!


Building cp312-macosx_universal2 wheel
CPython 3.12 macOS Universal 2 - x86_64 and arm64

Installing Python cp312...

+ pkgutil --pkgs

                                                                       ✓ 0.18s
Setting up build environment...

+ /Library/Frameworks/Python.framework/Versions/3.12/bin/python3 -sS /Users/kodesairedhat.com/Library/Caches/cibuildwheel/virtualenv-20.35.4.pyz --activators= --no-periodic-update --pip=25.3 --no-setuptools --symlink-app-data --python /Library/Frameworks/Python.framework/Versions/3.12/bin/python3.12 /private/var/folders/dd/scys5wx51xd676tkz7xj1psm0000gn/T/cibw-run-rf0tknp1/cp312-macosx_universal2/build/venv
created virtual environment CPython3.12.6.final.0-64 in 167ms
  creator CPython3Posix(dest=/private/var/folders/dd/scys5wx51xd676tkz7xj1psm0000gn/T/cibw-run-rf0tknp1/cp312-macosx_universal2/build/venv, clear=False, no_vcs_ignore=False, global=False)
  seeder FromAppData(download=False, pip=25.3, via=symlink, app_data_dir=/Users/kodesairedhat.com/Library/Application Support/virtualenv)
    added seed packages: pip==25.3
+ which python
/private/var/folders/dd/scys5wx51xd676tkz7xj1psm0000gn/T/cibw-run-rf0tknp1/cp312-macosx_universal2/build/venv/bin/python
+ python --version
Python 3.12.6
+ which pip
/private/var/folders/dd/scys5wx51xd676tkz7xj1psm0000gn/T/cibw-run-rf0tknp1/cp312-macosx_universal2/build/venv/bin/pip
+ pip --version
pip 25.3 from /private/var/folders/dd/scys5wx51xd676tkz7xj1psm0000gn/T/cibw-run-rf0tknp1/cp312-macosx_universal2/build/venv/lib/python3.12/site-packages/pip (python 3.12)

                                                                       ✓ 2.53s
Installing build tools...

+ pip install --upgrade delocate -c file:///Library/Frameworks/Python.framework/Versions/3.12/lib/python3.12/site-packages/cibuildwheel/resources/constraints-python312.txt
Collecting delocate
  Using cached delocate-0.13.0-py3-none-any.whl.metadata (15 kB)
Collecting packaging>=20.9 (from delocate)
  Using cached packaging-25.0-py3-none-any.whl.metadata (3.3 kB)
Collecting typing_extensions>=4.12.2 (from delocate)
  Using cached typing_extensions-4.15.0-py3-none-any.whl.metadata (3.3 kB)
Collecting macholib (from delocate)
  Using cached macholib-1.16.4-py2.py3-none-any.whl.metadata (12 kB)
Collecting altgraph>=0.17 (from macholib->delocate)
  Using cached altgraph-0.17.5-py2.py3-none-any.whl.metadata (7.5 kB)
Using cached delocate-0.13.0-py3-none-any.whl (238 kB)
Using cached packaging-25.0-py3-none-any.whl (66 kB)
Using cached typing_extensions-4.15.0-py3-none-any.whl (44 kB)
Using cached macholib-1.16.4-py2.py3-none-any.whl (38 kB)
Using cached altgraph-0.17.5-py2.py3-none-any.whl (21 kB)
Installing collected packages: altgraph, typing_extensions, packaging, macholib, delocate

Successfully installed altgraph-0.17.5 delocate-0.13.0 macholib-1.16.4 packaging-25.0 typing_extensions-4.15.0
+ python -m pip freeze --all

                                                                       ✓ 2.13s
Running before_build...

+ bash ./packaging/macos/cibuildwheel-before-build.sh
Building universal2 wheel with libssh 0.12.0
Building libssh locally for arm64...
Building in /var/folders/dd/scys5wx51xd676tkz7xj1psm0000gn/T/tmp.eKVLNyw687
libssh: 0.12.0, OpenSSL: 3.5.0, Arch: arm64
Downloading OpenSSL...
Configuring OpenSSL version 3.5.0 for target darwin64-arm64-cc
Using os-specific seed configuration
Created configdata.pm
Running configdata.pm
Created Makefile.in
Created Makefile
Created include/openssl/configuration.h

**********************************************************************
***                                                                ***
***   OpenSSL has been successfully configured                     ***
***                                                                ***
***   If you encounter a problem while building, please open an    ***
***   issue on GitHub <https://github.com/openssl/openssl/issues>  ***
***   and include the output from the following command:           ***
***                                                                ***
***       perl configdata.pm --dump                                ***
***                                                                ***
***   (If you are new to OpenSSL, you might want to consult the    ***
***   'Troubleshooting' section in the INSTALL.md file first)      ***
***                                                                ***
**********************************************************************
Downloading libssh...
/var/folders/dd/scys5wx51xd676tkz7xj1psm0000gn/T/tmp.eKVLNyw687/libssh-0.12.0/build /var/folders/dd/scys5wx51xd676tkz7xj1psm0000gn/T/tmp.eKVLNyw687/libssh-0.12.0
-- The C compiler identification is AppleClang 17.0.0.17000603
-- Detecting C compiler ABI info
-- Detecting C compiler ABI info - done
-- Check for working C compiler: /usr/bin/cc - skipped
-- Detecting C compile features
-- Detecting C compile features - done
-- Performing Test REQUIRED_FLAGS_WERROR
-- Performing Test REQUIRED_FLAGS_WERROR - Success
-- Performing Test WITH_WPEDANTIC_FLAG
-- Performing Test WITH_WPEDANTIC_FLAG - Success
-- Performing Test WITH_WALL_FLAG
-- Performing Test WITH_WALL_FLAG - Success
-- Performing Test WITH_WSHADOW_FLAG
-- Performing Test WITH_WSHADOW_FLAG - Success
-- Performing Test WITH_WMISSING_PROTOTYPES_FLAG
-- Performing Test WITH_WMISSING_PROTOTYPES_FLAG - Success
-- Performing Test WITH_WCAST_ALIGN_FLAG
-- Performing Test WITH_WCAST_ALIGN_FLAG - Success
-- Performing Test WITH_WERROR_ADDRESS_FLAG
-- Performing Test WITH_WERROR_ADDRESS_FLAG - Success
-- Performing Test WITH_WSTRICT_PROTOTYPES_FLAG
-- Performing Test WITH_WSTRICT_PROTOTYPES_FLAG - Success
-- Performing Test WITH_WERROR_STRICT_PROTOTYPES_FLAG
-- Performing Test WITH_WERROR_STRICT_PROTOTYPES_FLAG - Success
-- Performing Test WITH_WWRITE_STRINGS_FLAG
-- Performing Test WITH_WWRITE_STRINGS_FLAG - Success
-- Performing Test WITH_WERROR_WRITE_STRINGS_FLAG
-- Performing Test WITH_WERROR_WRITE_STRINGS_FLAG - Success
-- Performing Test WITH_WERROR_IMPLICIT_FUNCTION_DECLARATION_FLAG
-- Performing Test WITH_WERROR_IMPLICIT_FUNCTION_DECLARATION_FLAG - Success
-- Performing Test WITH_WPOINTER_ARITH_FLAG
-- Performing Test WITH_WPOINTER_ARITH_FLAG - Success
-- Performing Test WITH_WERROR_POINTER_ARITH_FLAG
-- Performing Test WITH_WERROR_POINTER_ARITH_FLAG - Success
-- Performing Test WITH_WDECLARATION_AFTER_STATEMENT_FLAG
-- Performing Test WITH_WDECLARATION_AFTER_STATEMENT_FLAG - Success
-- Performing Test WITH_WERROR_DECLARATION_AFTER_STATEMENT_FLAG
-- Performing Test WITH_WERROR_DECLARATION_AFTER_STATEMENT_FLAG - Success
-- Performing Test WITH_WRETURN_TYPE_FLAG
-- Performing Test WITH_WRETURN_TYPE_FLAG - Success
-- Performing Test WITH_WERROR_RETURN_TYPE_FLAG
-- Performing Test WITH_WERROR_RETURN_TYPE_FLAG - Success
-- Performing Test WITH_WUNINITIALIZED_FLAG
-- Performing Test WITH_WUNINITIALIZED_FLAG - Success
-- Performing Test WITH_WERROR_UNINITIALIZED_FLAG
-- Performing Test WITH_WERROR_UNINITIALIZED_FLAG - Success
-- Performing Test WITH_WIMPLICIT_FALLTHROUGH_FLAG
-- Performing Test WITH_WIMPLICIT_FALLTHROUGH_FLAG - Success
-- Performing Test WITH_WERROR_STRICT_OVERFLOW_FLAG
-- Performing Test WITH_WERROR_STRICT_OVERFLOW_FLAG - Success
-- Performing Test WITH_WSTRICT_OVERFLOW_2_FLAG
-- Performing Test WITH_WSTRICT_OVERFLOW_2_FLAG - Success
-- Performing Test WITH_WNO_FORMAT_ZERO_LENGTH_FLAG
-- Performing Test WITH_WNO_FORMAT_ZERO_LENGTH_FLAG - Success
-- Performing Test WITH_WMISSING_FIELD_INITIALIZERS_FLAG
-- Performing Test WITH_WMISSING_FIELD_INITIALIZERS_FLAG - Success
-- Performing Test WITH_WSIGN_COMPARE_FLAG
-- Performing Test WITH_WSIGN_COMPARE_FLAG - Success
-- Performing Test WITH_WOLD_STYLE_DEFINITION_FLAG
-- Performing Test WITH_WOLD_STYLE_DEFINITION_FLAG - Success
-- Performing Test WITH_WERROR_OLD_STYLE_DEFINITION_FLAG
-- Performing Test WITH_WERROR_OLD_STYLE_DEFINITION_FLAG - Success
-- Performing Test WITH_WIMPLICIT_INT_FLAG
-- Performing Test WITH_WIMPLICIT_INT_FLAG - Success
-- Performing Test WITH_WERROR_IMPLICIT_INT_FLAG
-- Performing Test WITH_WERROR_IMPLICIT_INT_FLAG - Success
-- Performing Test WITH_WINT_CONVERSION_FLAG
-- Performing Test WITH_WINT_CONVERSION_FLAG - Success
-- Performing Test WITH_WERROR_INT_CONVERSION_FLAG
-- Performing Test WITH_WERROR_INT_CONVERSION_FLAG - Success
-- Performing Test WITH_WERROR_UNUSED_VARIABLE_FLAG
-- Performing Test WITH_WERROR_UNUSED_VARIABLE_FLAG - Success
-- Performing Test REQUIRED_FLAGS_WFORMAT
-- Performing Test REQUIRED_FLAGS_WFORMAT - Success
-- Performing Test WITH_WFORMAT_SECURITY_FLAG
-- Performing Test WITH_WFORMAT_SECURITY_FLAG - Success
-- Performing Test WITH_WERROR_FORMAT_SECURITY_FLAG
-- Performing Test WITH_WERROR_FORMAT_SECURITY_FLAG - Success
-- Performing Test WITH_FNO_COMMON_FLAG
-- Performing Test WITH_FNO_COMMON_FLAG - Success
-- Performing Test WITH_STACK_PROTECTOR_STRONG
-- Performing Test WITH_STACK_PROTECTOR_STRONG - Success
-- Performing Test WITH_STACK_CLASH_PROTECTION
-- Performing Test WITH_STACK_CLASH_PROTECTION - Success
-- Performing Test WITH_WNO_DEPRECATED_DECLARATIONS_FLAG
-- Performing Test WITH_WNO_DEPRECATED_DECLARATIONS_FLAG - Success
-- Found ZLIB: /Library/Developer/CommandLineTools/SDKs/MacOSX.sdk/usr/lib/libz.tbd (found version "1.2.12")
-- Found OpenSSL: /var/folders/dd/scys5wx51xd676tkz7xj1psm0000gn/T/tmp.eKVLNyw687/deps/lib/libcrypto.a (found suitable version "3.5.0", minimum required is "1.1.1")
-- Performing Test CMAKE_HAVE_LIBC_PTHREAD
-- Performing Test CMAKE_HAVE_LIBC_PTHREAD - Success
-- Found Threads: TRUE
-- Checking for one of the modules 'mit-krb5-gssapi;heimdal-gssapi'
-- Found GSSAPI: /Library/Developer/CommandLineTools/SDKs/MacOSX.sdk/usr/lib/libgssapi_krb5.tbd;/Library/Developer/CommandLineTools/SDKs/MacOSX.sdk/usr/lib/libkrb5.tbd;/Library/Developer/CommandLineTools/SDKs/MacOSX.sdk/usr/lib/libk5crypto.tbd;/Library/Developer/CommandLineTools/SDKs/MacOSX.sdk/usr/lib/libcom_err.tbd
-- Could NOT find NaCl (missing: NACL_LIBRARIES NACL_INCLUDE_DIRS) 
-- Found Python: /usr/local/Frameworks/Python.framework/Versions/3.13/bin/python3.13 (found version "3.13.9") found components: Interpreter
-- Could not find `abimap` in PATH. It can be found in PyPI as `abimap` (try `pip install abimap`)
-- Could NOT find ABIMap (missing: ABIMAP_EXECUTABLE) (Required is at least version "0.4.0")
-- Looking for argp_parse
-- Looking for argp_parse - not found
-- Looking for argp.h
-- Looking for argp.h - not found
-- Looking for pty.h
-- Looking for pty.h - not found
-- Looking for utmp.h
-- Looking for utmp.h - found
-- Looking for termios.h
-- Looking for termios.h - found
-- Looking for unistd.h
-- Looking for unistd.h - found
-- Looking for stdint.h
-- Looking for stdint.h - found
-- Looking for util.h
-- Looking for util.h - found
-- Looking for libutil.h
-- Looking for libutil.h - not found
-- Looking for sys/time.h
-- Looking for sys/time.h - found
-- Looking for sys/utime.h
-- Looking for sys/utime.h - not found
-- Looking for sys/param.h
-- Looking for sys/param.h - found
-- Looking for arpa/inet.h
-- Looking for arpa/inet.h - found
-- Looking for byteswap.h
-- Looking for byteswap.h - not found
-- Looking for glob.h
-- Looking for glob.h - found
-- Looking for valgrind/valgrind.h
-- Looking for valgrind/valgrind.h - not found
-- Looking for ifaddrs.h
-- Looking for ifaddrs.h - found
-- Looking for openssl/des.h
-- Looking for openssl/des.h - found
-- Looking for openssl/aes.h
-- Looking for openssl/aes.h - found
-- Looking for openssl/ecdh.h
-- Looking for openssl/ecdh.h - found
-- Looking for openssl/ec.h
-- Looking for openssl/ec.h - found
-- Looking for openssl/ecdsa.h
-- Looking for openssl/ecdsa.h - found
-- Looking for EVP_KDF_CTX_new_id
-- Looking for EVP_KDF_CTX_new_id - not found
-- Looking for EVP_KDF_CTX_new
-- Looking for EVP_KDF_CTX_new - found
-- Looking for FIPS_mode
-- Looking for FIPS_mode - not found
-- Looking for RAND_priv_bytes
-- Looking for RAND_priv_bytes - found
-- Looking for EVP_chacha20
-- Looking for EVP_chacha20 - found
-- Looking for isblank
-- Looking for isblank - found
-- Looking for strncpy
-- Looking for strncpy - found
-- Looking for strndup
-- Looking for strndup - found
-- Looking for strtoull
-- Looking for strtoull - found
-- Looking for explicit_bzero
-- Looking for explicit_bzero - not found
-- Looking for memset_explicit
-- Looking for memset_explicit - not found
-- Looking for memset_s
-- Looking for memset_s - found
-- Performing Test HAVE_GLOB_GL_FLAGS_MEMBER
-- Performing Test HAVE_GLOB_GL_FLAGS_MEMBER - Success
-- Looking for glob
-- Looking for glob - found
-- Looking for vsnprintf
-- Looking for vsnprintf - found
-- Looking for snprintf
-- Looking for snprintf - found
-- Looking for poll
-- Looking for poll - found
-- Looking for select
-- Looking for select - found
-- Looking for getaddrinfo
-- Looking for getaddrinfo - found
-- Looking for ntohll
-- Looking for ntohll - found
-- Looking for htonll
-- Looking for htonll - found
-- Looking for getaddrinfo in socket
-- Looking for getaddrinfo in socket - not found
-- Looking for inet_pton in nsl
-- Looking for inet_pton in nsl - not found
-- Looking for nanosleep in rt
-- Looking for nanosleep in rt - not found
-- Looking for clock_gettime in rt
-- Looking for clock_gettime in rt - not found
-- Looking for forkpty in util
-- Looking for forkpty in util - found
-- Looking for cfmakeraw
-- Looking for cfmakeraw - found
-- Looking for __strtoull
-- Looking for __strtoull - not found
-- Performing Test HAVE_GCC_THREAD_LOCAL_STORAGE
-- Performing Test HAVE_GCC_THREAD_LOCAL_STORAGE - Success
-- Performing Test HAVE_MSC_THREAD_LOCAL_STORAGE
-- Performing Test HAVE_MSC_THREAD_LOCAL_STORAGE - Failed
-- Performing Test HAVE_CONSTRUCTOR_ATTRIBUTE
-- Performing Test HAVE_CONSTRUCTOR_ATTRIBUTE - Success
-- Performing Test HAVE_DESTRUCTOR_ATTRIBUTE
-- Performing Test HAVE_DESTRUCTOR_ATTRIBUTE - Success
-- Performing Test HAVE_FALLTHROUGH_ATTRIBUTE
-- Performing Test HAVE_FALLTHROUGH_ATTRIBUTE - Success
-- Performing Test HAVE_WEAK_ATTRIBUTE
-- Performing Test HAVE_WEAK_ATTRIBUTE - Success
-- Performing Test HAVE_UNUSED_ATTRIBUTE
-- Performing Test HAVE_UNUSED_ATTRIBUTE - Success
-- Performing Test HAVE_GCC_VOLATILE_MEMORY_PROTECTION
-- Performing Test HAVE_GCC_VOLATILE_MEMORY_PROTECTION - Success
-- Performing Test HAVE_COMPILER__FUNC__
-- Performing Test HAVE_COMPILER__FUNC__ - Success
-- Performing Test HAVE_COMPILER__FUNCTION__
-- Performing Test HAVE_COMPILER__FUNCTION__ - Success
-- Performing Test HAVE_LD_VERSION_SCRIPT
-- Performing Test HAVE_LD_VERSION_SCRIPT - Failed
-- Could NOT find Argp (missing: ARGP_LIBRARIES ARGP_INCLUDE_DIR) 
-- Could NOT find Doxygen (missing: DOXYGEN_EXECUTABLE) 
-- Threads_FOUND=TRUE
-- ********************************************
-- ********** libssh build options : **********
-- Build type: 
-- Coverage: 
-- zlib support: ON
-- libgcrypt support: OFF
-- libmbedTLS support: OFF
-- libnacl support: OFF
-- SFTP support: ON
-- Server support : OFF
-- GSSAPI support : ON
-- GEX support : ON
-- Support insecure none cipher and MAC : OFF
-- Support exec : ON
-- Pcap debugging support : ON
-- Build shared library: OFF
-- Unit testing: OFF
-- Client code testing: OFF
-- Blowfish cipher support: 
-- PKCS #11 URI support: OFF
-- With PKCS #11 provider support: OFF
-- With FIDO2/U2F support: OFF
-- Server code testing: OFF
-- Public API documentation generation
-- Benchmarks: OFF
-- Symbol versioning: ON
-- Allow ABI break: OFF
-- Release is final: 
-- Global client config: /etc/ssh/ssh_config
-- ********************************************
-- Configuring done (50.9s)
-- Generating done (0.1s)
-- Build files have been written to: /var/folders/dd/scys5wx51xd676tkz7xj1psm0000gn/T/tmp.eKVLNyw687/libssh-0.12.0/build
/var/folders/dd/scys5wx51xd676tkz7xj1psm0000gn/T/tmp.eKVLNyw687/libssh-0.12.0
libssh-0.12.0-openssl-3.5.0-macos-arm64
libssh-0.12.0-openssl-3.5.0-macos-arm64/lib
libssh-0.12.0-openssl-3.5.0-macos-arm64/include
Done. Artifacts in /Users/kodesairedhat.com/pylibssh/packaging/macos/build/arm64/
total 8976
drwxr-xr-x@ 4 kodesairedhat.com  staff   128B Mar  5 13:37 include
drwxr-xr-x@ 6 kodesairedhat.com  staff   192B Mar  5 13:37 lib
-rw-r--r--@ 1 kodesairedhat.com  staff   4.4M Mar  5 13:37 libssh-0.12.0-openssl-3.5.0-macos-arm64.tar.gz
-rw-r--r--@ 1 kodesairedhat.com  staff   113B Mar  5 13:37 libssh-0.12.0-openssl-3.5.0-macos-arm64.tar.gz.sha256
Built libssh for arm64
Building libssh locally for x86_64...
Building in /var/folders/dd/scys5wx51xd676tkz7xj1psm0000gn/T/tmp.Ne7uM8rUWQ
libssh: 0.12.0, OpenSSL: 3.5.0, Arch: x86_64
Downloading OpenSSL...
Configuring OpenSSL version 3.5.0 for target darwin64-x86_64-cc
Using os-specific seed configuration
Created configdata.pm
Running configdata.pm
Created Makefile.in
Created Makefile
Created include/openssl/configuration.h

**********************************************************************
***                                                                ***
***   OpenSSL has been successfully configured                     ***
***                                                                ***
***   If you encounter a problem while building, please open an    ***
***   issue on GitHub <https://github.com/openssl/openssl/issues>  ***
***   and include the output from the following command:           ***
***                                                                ***
***       perl configdata.pm --dump                                ***
***                                                                ***
***   (If you are new to OpenSSL, you might want to consult the    ***
***   'Troubleshooting' section in the INSTALL.md file first)      ***
***                                                                ***
**********************************************************************
Downloading libssh...
/var/folders/dd/scys5wx51xd676tkz7xj1psm0000gn/T/tmp.Ne7uM8rUWQ/libssh-0.12.0/build /var/folders/dd/scys5wx51xd676tkz7xj1psm0000gn/T/tmp.Ne7uM8rUWQ/libssh-0.12.0
-- The C compiler identification is AppleClang 17.0.0.17000603
-- Detecting C compiler ABI info
-- Detecting C compiler ABI info - done
-- Check for working C compiler: /usr/bin/cc - skipped
-- Detecting C compile features
-- Detecting C compile features - done
-- Performing Test REQUIRED_FLAGS_WERROR
-- Performing Test REQUIRED_FLAGS_WERROR - Success
-- Performing Test WITH_WPEDANTIC_FLAG
-- Performing Test WITH_WPEDANTIC_FLAG - Success
-- Performing Test WITH_WALL_FLAG
-- Performing Test WITH_WALL_FLAG - Success
-- Performing Test WITH_WSHADOW_FLAG
-- Performing Test WITH_WSHADOW_FLAG - Success
-- Performing Test WITH_WMISSING_PROTOTYPES_FLAG
-- Performing Test WITH_WMISSING_PROTOTYPES_FLAG - Success
-- Performing Test WITH_WCAST_ALIGN_FLAG
-- Performing Test WITH_WCAST_ALIGN_FLAG - Success
-- Performing Test WITH_WERROR_ADDRESS_FLAG
-- Performing Test WITH_WERROR_ADDRESS_FLAG - Success
-- Performing Test WITH_WSTRICT_PROTOTYPES_FLAG
-- Performing Test WITH_WSTRICT_PROTOTYPES_FLAG - Success
-- Performing Test WITH_WERROR_STRICT_PROTOTYPES_FLAG
-- Performing Test WITH_WERROR_STRICT_PROTOTYPES_FLAG - Success
-- Performing Test WITH_WWRITE_STRINGS_FLAG
-- Performing Test WITH_WWRITE_STRINGS_FLAG - Success
-- Performing Test WITH_WERROR_WRITE_STRINGS_FLAG
-- Performing Test WITH_WERROR_WRITE_STRINGS_FLAG - Success
-- Performing Test WITH_WERROR_IMPLICIT_FUNCTION_DECLARATION_FLAG
-- Performing Test WITH_WERROR_IMPLICIT_FUNCTION_DECLARATION_FLAG - Success
-- Performing Test WITH_WPOINTER_ARITH_FLAG
-- Performing Test WITH_WPOINTER_ARITH_FLAG - Success
-- Performing Test WITH_WERROR_POINTER_ARITH_FLAG
-- Performing Test WITH_WERROR_POINTER_ARITH_FLAG - Success
-- Performing Test WITH_WDECLARATION_AFTER_STATEMENT_FLAG
-- Performing Test WITH_WDECLARATION_AFTER_STATEMENT_FLAG - Success
-- Performing Test WITH_WERROR_DECLARATION_AFTER_STATEMENT_FLAG
-- Performing Test WITH_WERROR_DECLARATION_AFTER_STATEMENT_FLAG - Success
-- Performing Test WITH_WRETURN_TYPE_FLAG
-- Performing Test WITH_WRETURN_TYPE_FLAG - Success
-- Performing Test WITH_WERROR_RETURN_TYPE_FLAG
-- Performing Test WITH_WERROR_RETURN_TYPE_FLAG - Success
-- Performing Test WITH_WUNINITIALIZED_FLAG
-- Performing Test WITH_WUNINITIALIZED_FLAG - Success
-- Performing Test WITH_WERROR_UNINITIALIZED_FLAG
-- Performing Test WITH_WERROR_UNINITIALIZED_FLAG - Success
-- Performing Test WITH_WIMPLICIT_FALLTHROUGH_FLAG
-- Performing Test WITH_WIMPLICIT_FALLTHROUGH_FLAG - Success
-- Performing Test WITH_WERROR_STRICT_OVERFLOW_FLAG
-- Performing Test WITH_WERROR_STRICT_OVERFLOW_FLAG - Success
-- Performing Test WITH_WSTRICT_OVERFLOW_2_FLAG
-- Performing Test WITH_WSTRICT_OVERFLOW_2_FLAG - Success
-- Performing Test WITH_WNO_FORMAT_ZERO_LENGTH_FLAG
-- Performing Test WITH_WNO_FORMAT_ZERO_LENGTH_FLAG - Success
-- Performing Test WITH_WMISSING_FIELD_INITIALIZERS_FLAG
-- Performing Test WITH_WMISSING_FIELD_INITIALIZERS_FLAG - Success
-- Performing Test WITH_WSIGN_COMPARE_FLAG
-- Performing Test WITH_WSIGN_COMPARE_FLAG - Success
-- Performing Test WITH_WOLD_STYLE_DEFINITION_FLAG
-- Performing Test WITH_WOLD_STYLE_DEFINITION_FLAG - Success
-- Performing Test WITH_WERROR_OLD_STYLE_DEFINITION_FLAG
-- Performing Test WITH_WERROR_OLD_STYLE_DEFINITION_FLAG - Success
-- Performing Test WITH_WIMPLICIT_INT_FLAG
-- Performing Test WITH_WIMPLICIT_INT_FLAG - Success
-- Performing Test WITH_WERROR_IMPLICIT_INT_FLAG
-- Performing Test WITH_WERROR_IMPLICIT_INT_FLAG - Success
-- Performing Test WITH_WINT_CONVERSION_FLAG
-- Performing Test WITH_WINT_CONVERSION_FLAG - Success
-- Performing Test WITH_WERROR_INT_CONVERSION_FLAG
-- Performing Test WITH_WERROR_INT_CONVERSION_FLAG - Success
-- Performing Test WITH_WERROR_UNUSED_VARIABLE_FLAG
-- Performing Test WITH_WERROR_UNUSED_VARIABLE_FLAG - Success
-- Performing Test REQUIRED_FLAGS_WFORMAT
-- Performing Test REQUIRED_FLAGS_WFORMAT - Success
-- Performing Test WITH_WFORMAT_SECURITY_FLAG
-- Performing Test WITH_WFORMAT_SECURITY_FLAG - Success
-- Performing Test WITH_WERROR_FORMAT_SECURITY_FLAG
-- Performing Test WITH_WERROR_FORMAT_SECURITY_FLAG - Success
-- Performing Test WITH_FNO_COMMON_FLAG
-- Performing Test WITH_FNO_COMMON_FLAG - Success
-- Performing Test WITH_STACK_PROTECTOR_STRONG
-- Performing Test WITH_STACK_PROTECTOR_STRONG - Success
-- Performing Test WITH_STACK_CLASH_PROTECTION
-- Performing Test WITH_STACK_CLASH_PROTECTION - Success
-- Performing Test WITH_WNO_DEPRECATED_DECLARATIONS_FLAG
-- Performing Test WITH_WNO_DEPRECATED_DECLARATIONS_FLAG - Success
-- Found ZLIB: /Library/Developer/CommandLineTools/SDKs/MacOSX.sdk/usr/lib/libz.tbd (found version "1.2.12")
-- Found OpenSSL: /var/folders/dd/scys5wx51xd676tkz7xj1psm0000gn/T/tmp.Ne7uM8rUWQ/deps/lib/libcrypto.a (found suitable version "3.5.0", minimum required is "1.1.1")
-- Performing Test CMAKE_HAVE_LIBC_PTHREAD
-- Performing Test CMAKE_HAVE_LIBC_PTHREAD - Success
-- Found Threads: TRUE
-- Checking for one of the modules 'mit-krb5-gssapi;heimdal-gssapi'
-- Found GSSAPI: /Library/Developer/CommandLineTools/SDKs/MacOSX.sdk/usr/lib/libgssapi_krb5.tbd;/Library/Developer/CommandLineTools/SDKs/MacOSX.sdk/usr/lib/libkrb5.tbd;/Library/Developer/CommandLineTools/SDKs/MacOSX.sdk/usr/lib/libk5crypto.tbd;/Library/Developer/CommandLineTools/SDKs/MacOSX.sdk/usr/lib/libcom_err.tbd
-- Could NOT find NaCl (missing: NACL_LIBRARIES NACL_INCLUDE_DIRS) 
-- Found Python: /usr/local/Frameworks/Python.framework/Versions/3.13/bin/python3.13 (found version "3.13.9") found components: Interpreter
-- Could not find `abimap` in PATH. It can be found in PyPI as `abimap` (try `pip install abimap`)
-- Could NOT find ABIMap (missing: ABIMAP_EXECUTABLE) (Required is at least version "0.4.0")
-- Looking for argp_parse
-- Looking for argp_parse - not found
-- Looking for argp.h
-- Looking for argp.h - not found
-- Looking for pty.h
-- Looking for pty.h - not found
-- Looking for utmp.h
-- Looking for utmp.h - found
-- Looking for termios.h
-- Looking for termios.h - found
-- Looking for unistd.h
-- Looking for unistd.h - found
-- Looking for stdint.h
-- Looking for stdint.h - found
-- Looking for util.h
-- Looking for util.h - found
-- Looking for libutil.h
-- Looking for libutil.h - not found
-- Looking for sys/time.h
-- Looking for sys/time.h - found
-- Looking for sys/utime.h
-- Looking for sys/utime.h - not found
-- Looking for sys/param.h
-- Looking for sys/param.h - found
-- Looking for arpa/inet.h
-- Looking for arpa/inet.h - found
-- Looking for byteswap.h
-- Looking for byteswap.h - not found
-- Looking for glob.h
-- Looking for glob.h - found
-- Looking for valgrind/valgrind.h
-- Looking for valgrind/valgrind.h - not found
-- Looking for ifaddrs.h
-- Looking for ifaddrs.h - found
-- Looking for openssl/des.h
-- Looking for openssl/des.h - found
-- Looking for openssl/aes.h
-- Looking for openssl/aes.h - found
-- Looking for openssl/ecdh.h
-- Looking for openssl/ecdh.h - found
-- Looking for openssl/ec.h
-- Looking for openssl/ec.h - found
-- Looking for openssl/ecdsa.h
-- Looking for openssl/ecdsa.h - found
-- Looking for EVP_KDF_CTX_new_id
-- Looking for EVP_KDF_CTX_new_id - not found
-- Looking for EVP_KDF_CTX_new
-- Looking for EVP_KDF_CTX_new - found
-- Looking for FIPS_mode
-- Looking for FIPS_mode - not found
-- Looking for RAND_priv_bytes
-- Looking for RAND_priv_bytes - found
-- Looking for EVP_chacha20
-- Looking for EVP_chacha20 - found
-- Looking for isblank
-- Looking for isblank - found
-- Looking for strncpy
-- Looking for strncpy - found
-- Looking for strndup
-- Looking for strndup - found
-- Looking for strtoull
-- Looking for strtoull - found
-- Looking for explicit_bzero
-- Looking for explicit_bzero - not found
-- Looking for memset_explicit
-- Looking for memset_explicit - not found
-- Looking for memset_s
-- Looking for memset_s - found
-- Performing Test HAVE_GLOB_GL_FLAGS_MEMBER
-- Performing Test HAVE_GLOB_GL_FLAGS_MEMBER - Success
-- Looking for glob
-- Looking for glob - found
-- Looking for vsnprintf
-- Looking for vsnprintf - found
-- Looking for snprintf
-- Looking for snprintf - found
-- Looking for poll
-- Looking for poll - found
-- Looking for select
-- Looking for select - found
-- Looking for getaddrinfo
-- Looking for getaddrinfo - found
-- Looking for ntohll
-- Looking for ntohll - found
-- Looking for htonll
-- Looking for htonll - found
-- Looking for getaddrinfo in socket
-- Looking for getaddrinfo in socket - not found
-- Looking for inet_pton in nsl
-- Looking for inet_pton in nsl - not found
-- Looking for nanosleep in rt
-- Looking for nanosleep in rt - not found
-- Looking for clock_gettime in rt
-- Looking for clock_gettime in rt - not found
-- Looking for forkpty in util
-- Looking for forkpty in util - found
-- Looking for cfmakeraw
-- Looking for cfmakeraw - found
-- Looking for __strtoull
-- Looking for __strtoull - not found
-- Performing Test HAVE_GCC_THREAD_LOCAL_STORAGE
-- Performing Test HAVE_GCC_THREAD_LOCAL_STORAGE - Success
-- Performing Test HAVE_MSC_THREAD_LOCAL_STORAGE
-- Performing Test HAVE_MSC_THREAD_LOCAL_STORAGE - Failed
-- Performing Test HAVE_CONSTRUCTOR_ATTRIBUTE
-- Performing Test HAVE_CONSTRUCTOR_ATTRIBUTE - Success
-- Performing Test HAVE_DESTRUCTOR_ATTRIBUTE
-- Performing Test HAVE_DESTRUCTOR_ATTRIBUTE - Success
-- Performing Test HAVE_FALLTHROUGH_ATTRIBUTE
-- Performing Test HAVE_FALLTHROUGH_ATTRIBUTE - Success
-- Performing Test HAVE_WEAK_ATTRIBUTE
-- Performing Test HAVE_WEAK_ATTRIBUTE - Success
-- Performing Test HAVE_UNUSED_ATTRIBUTE
-- Performing Test HAVE_UNUSED_ATTRIBUTE - Success
-- Performing Test HAVE_GCC_VOLATILE_MEMORY_PROTECTION
-- Performing Test HAVE_GCC_VOLATILE_MEMORY_PROTECTION - Success
-- Performing Test HAVE_COMPILER__FUNC__
-- Performing Test HAVE_COMPILER__FUNC__ - Success
-- Performing Test HAVE_COMPILER__FUNCTION__
-- Performing Test HAVE_COMPILER__FUNCTION__ - Success
-- Performing Test HAVE_LD_VERSION_SCRIPT
-- Performing Test HAVE_LD_VERSION_SCRIPT - Failed
-- Could NOT find Argp (missing: ARGP_LIBRARIES ARGP_INCLUDE_DIR) 
-- Could NOT find Doxygen (missing: DOXYGEN_EXECUTABLE) 
-- Threads_FOUND=TRUE
-- ********************************************
-- ********** libssh build options : **********
-- Build type: 
-- Coverage: 
-- zlib support: ON
-- libgcrypt support: OFF
-- libmbedTLS support: OFF
-- libnacl support: OFF
-- SFTP support: ON
-- Server support : OFF
-- GSSAPI support : ON
-- GEX support : ON
-- Support insecure none cipher and MAC : OFF
-- Support exec : ON
-- Pcap debugging support : ON
-- Build shared library: OFF
-- Unit testing: OFF
-- Client code testing: OFF
-- Blowfish cipher support: 
-- PKCS #11 URI support: OFF
-- With PKCS #11 provider support: OFF
-- With FIDO2/U2F support: OFF
-- Server code testing: OFF
-- Public API documentation generation
-- Benchmarks: OFF
-- Symbol versioning: ON
-- Allow ABI break: OFF
-- Release is final: 
-- Global client config: /etc/ssh/ssh_config
-- ********************************************
-- Configuring done (51.5s)
-- Generating done (0.0s)
-- Build files have been written to: /var/folders/dd/scys5wx51xd676tkz7xj1psm0000gn/T/tmp.Ne7uM8rUWQ/libssh-0.12.0/build
/var/folders/dd/scys5wx51xd676tkz7xj1psm0000gn/T/tmp.Ne7uM8rUWQ/libssh-0.12.0
libssh-0.12.0-openssl-3.5.0-macos-x86_64
libssh-0.12.0-openssl-3.5.0-macos-x86_64/lib
libssh-0.12.0-openssl-3.5.0-macos-x86_64/include
Done. Artifacts in /Users/kodesairedhat.com/pylibssh/packaging/macos/build/x86_64/
total 8056
drwxr-xr-x@ 4 kodesairedhat.com  staff   128B Mar  5 13:40 include
drwxr-xr-x@ 6 kodesairedhat.com  staff   192B Mar  5 13:40 lib
-rw-r--r--@ 1 kodesairedhat.com  staff   3.9M Mar  5 13:40 libssh-0.12.0-openssl-3.5.0-macos-x86_64.tar.gz
-rw-r--r--@ 1 kodesairedhat.com  staff   114B Mar  5 13:40 libssh-0.12.0-openssl-3.5.0-macos-x86_64.tar.gz.sha256
Built libssh for x86_64
Merging into universal2...
/Users/kodesairedhat.com/pylibssh/packaging/macos/build/universal2
/Users/kodesairedhat.com/pylibssh/packaging/macos/build/universal2/lib
Merging /Users/kodesairedhat.com/pylibssh/packaging/macos/build/arm64 and /Users/kodesairedhat.com/pylibssh/packaging/macos/build/x86_64 into /Users/kodesairedhat.com/pylibssh/packaging/macos/build/universal2
/Users/kodesairedhat.com/pylibssh/packaging/macos/build/arm64/include -> /Users/kodesairedhat.com/pylibssh/packaging/macos/build/universal2/include
/Users/kodesairedhat.com/pylibssh/packaging/macos/build/arm64/include/libssh -> /Users/kodesairedhat.com/pylibssh/packaging/macos/build/universal2/include/libssh
/Users/kodesairedhat.com/pylibssh/packaging/macos/build/arm64/include/libssh/libsshpp.hpp -> /Users/kodesairedhat.com/pylibssh/packaging/macos/build/universal2/include/libssh/libsshpp.hpp
/Users/kodesairedhat.com/pylibssh/packaging/macos/build/arm64/include/libssh/legacy.h -> /Users/kodesairedhat.com/pylibssh/packaging/macos/build/universal2/include/libssh/legacy.h
/Users/kodesairedhat.com/pylibssh/packaging/macos/build/arm64/include/libssh/callbacks.h -> /Users/kodesairedhat.com/pylibssh/packaging/macos/build/universal2/include/libssh/callbacks.h
/Users/kodesairedhat.com/pylibssh/packaging/macos/build/arm64/include/libssh/libssh_version.h -> /Users/kodesairedhat.com/pylibssh/packaging/macos/build/universal2/include/libssh/libssh_version.h
/Users/kodesairedhat.com/pylibssh/packaging/macos/build/arm64/include/libssh/libssh.h -> /Users/kodesairedhat.com/pylibssh/packaging/macos/build/universal2/include/libssh/libssh.h
/Users/kodesairedhat.com/pylibssh/packaging/macos/build/arm64/include/libssh/sftp.h -> /Users/kodesairedhat.com/pylibssh/packaging/macos/build/universal2/include/libssh/sftp.h
/Users/kodesairedhat.com/pylibssh/packaging/macos/build/arm64/include/libssh/ssh2.h -> /Users/kodesairedhat.com/pylibssh/packaging/macos/build/universal2/include/libssh/ssh2.h
/Users/kodesairedhat.com/pylibssh/packaging/macos/build/arm64/include/openssl -> /Users/kodesairedhat.com/pylibssh/packaging/macos/build/universal2/include/openssl
/Users/kodesairedhat.com/pylibssh/packaging/macos/build/arm64/include/openssl/pem2.h -> /Users/kodesairedhat.com/pylibssh/packaging/macos/build/universal2/include/openssl/pem2.h
/Users/kodesairedhat.com/pylibssh/packaging/macos/build/arm64/include/openssl/kdf.h -> /Users/kodesairedhat.com/pylibssh/packaging/macos/build/universal2/include/openssl/kdf.h
/Users/kodesairedhat.com/pylibssh/packaging/macos/build/arm64/include/openssl/pem.h -> /Users/kodesairedhat.com/pylibssh/packaging/macos/build/universal2/include/openssl/pem.h
/Users/kodesairedhat.com/pylibssh/packaging/macos/build/arm64/include/openssl/asyncerr.h -> /Users/kodesairedhat.com/pylibssh/packaging/macos/build/universal2/include/openssl/asyncerr.h
/Users/kodesairedhat.com/pylibssh/packaging/macos/build/arm64/include/openssl/md2.h -> /Users/kodesairedhat.com/pylibssh/packaging/macos/build/universal2/include/openssl/md2.h
/Users/kodesairedhat.com/pylibssh/packaging/macos/build/arm64/include/openssl/ssl3.h -> /Users/kodesairedhat.com/pylibssh/packaging/macos/build/universal2/include/openssl/ssl3.h
/Users/kodesairedhat.com/pylibssh/packaging/macos/build/arm64/include/openssl/ossl_typ.h -> /Users/kodesairedhat.com/pylibssh/packaging/macos/build/universal2/include/openssl/ossl_typ.h
/Users/kodesairedhat.com/pylibssh/packaging/macos/build/arm64/include/openssl/dtls1.h -> /Users/kodesairedhat.com/pylibssh/packaging/macos/build/universal2/include/openssl/dtls1.h
/Users/kodesairedhat.com/pylibssh/packaging/macos/build/arm64/include/openssl/err.h -> /Users/kodesairedhat.com/pylibssh/packaging/macos/build/universal2/include/openssl/err.h
/Users/kodesairedhat.com/pylibssh/packaging/macos/build/arm64/include/openssl/bn.h -> /Users/kodesairedhat.com/pylibssh/packaging/macos/build/universal2/include/openssl/bn.h
/Users/kodesairedhat.com/pylibssh/packaging/macos/build/arm64/include/openssl/blowfish.h -> /Users/kodesairedhat.com/pylibssh/packaging/macos/build/universal2/include/openssl/blowfish.h
/Users/kodesairedhat.com/pylibssh/packaging/macos/build/arm64/include/openssl/cms.h -> /Users/kodesairedhat.com/pylibssh/packaging/macos/build/universal2/include/openssl/cms.h
/Users/kodesairedhat.com/pylibssh/packaging/macos/build/arm64/include/openssl/engine.h -> /Users/kodesairedhat.com/pylibssh/packaging/macos/build/universal2/include/openssl/engine.h
/Users/kodesairedhat.com/pylibssh/packaging/macos/build/arm64/include/openssl/conf_api.h -> /Users/kodesairedhat.com/pylibssh/packaging/macos/build/universal2/include/openssl/conf_api.h
/Users/kodesairedhat.com/pylibssh/packaging/macos/build/arm64/include/openssl/esserr.h -> /Users/kodesairedhat.com/pylibssh/packaging/macos/build/universal2/include/openssl/esserr.h
/Users/kodesairedhat.com/pylibssh/packaging/macos/build/arm64/include/openssl/core.h -> /Users/kodesairedhat.com/pylibssh/packaging/macos/build/universal2/include/openssl/core.h
/Users/kodesairedhat.com/pylibssh/packaging/macos/build/arm64/include/openssl/x509.h -> /Users/kodesairedhat.com/pylibssh/packaging/macos/build/universal2/include/openssl/x509.h
/Users/kodesairedhat.com/pylibssh/packaging/macos/build/arm64/include/openssl/objectserr.h -> /Users/kodesairedhat.com/pylibssh/packaging/macos/build/universal2/include/openssl/objectserr.h
/Users/kodesairedhat.com/pylibssh/packaging/macos/build/arm64/include/openssl/params.h -> /Users/kodesairedhat.com/pylibssh/packaging/macos/build/universal2/include/openssl/params.h
/Users/kodesairedhat.com/pylibssh/packaging/macos/build/arm64/include/openssl/cmserr.h -> /Users/kodesairedhat.com/pylibssh/packaging/macos/build/universal2/include/openssl/cmserr.h
/Users/kodesairedhat.com/pylibssh/packaging/macos/build/arm64/include/openssl/http.h -> /Users/kodesairedhat.com/pylibssh/packaging/macos/build/universal2/include/openssl/http.h
/Users/kodesairedhat.com/pylibssh/packaging/macos/build/arm64/include/openssl/ui.h -> /Users/kodesairedhat.com/pylibssh/packaging/macos/build/universal2/include/openssl/ui.h
/Users/kodesairedhat.com/pylibssh/packaging/macos/build/arm64/include/openssl/sha.h -> /Users/kodesairedhat.com/pylibssh/packaging/macos/build/universal2/include/openssl/sha.h
/Users/kodesairedhat.com/pylibssh/packaging/macos/build/arm64/include/openssl/byteorder.h -> /Users/kodesairedhat.com/pylibssh/packaging/macos/build/universal2/include/openssl/byteorder.h
/Users/kodesairedhat.com/pylibssh/packaging/macos/build/arm64/include/openssl/symhacks.h -> /Users/kodesairedhat.com/pylibssh/packaging/macos/build/universal2/include/openssl/symhacks.h
/Users/kodesairedhat.com/pylibssh/packaging/macos/build/arm64/include/openssl/asn1.h -> /Users/kodesairedhat.com/pylibssh/packaging/macos/build/universal2/include/openssl/asn1.h
/Users/kodesairedhat.com/pylibssh/packaging/macos/build/arm64/include/openssl/bioerr.h -> /Users/kodesairedhat.com/pylibssh/packaging/macos/build/universal2/include/openssl/bioerr.h
/Users/kodesairedhat.com/pylibssh/packaging/macos/build/arm64/include/openssl/opensslconf.h -> /Users/kodesairedhat.com/pylibssh/packaging/macos/build/universal2/include/openssl/opensslconf.h
/Users/kodesairedhat.com/pylibssh/packaging/macos/build/arm64/include/openssl/bio.h -> /Users/kodesairedhat.com/pylibssh/packaging/macos/build/universal2/include/openssl/bio.h
/Users/kodesairedhat.com/pylibssh/packaging/macos/build/arm64/include/openssl/rc2.h -> /Users/kodesairedhat.com/pylibssh/packaging/macos/build/universal2/include/openssl/rc2.h
/Users/kodesairedhat.com/pylibssh/packaging/macos/build/arm64/include/openssl/types.h -> /Users/kodesairedhat.com/pylibssh/packaging/macos/build/universal2/include/openssl/types.h
/Users/kodesairedhat.com/pylibssh/packaging/macos/build/arm64/include/openssl/dh.h -> /Users/kodesairedhat.com/pylibssh/packaging/macos/build/universal2/include/openssl/dh.h
/Users/kodesairedhat.com/pylibssh/packaging/macos/build/arm64/include/openssl/cryptoerr_legacy.h -> /Users/kodesairedhat.com/pylibssh/packaging/macos/build/universal2/include/openssl/cryptoerr_legacy.h
/Users/kodesairedhat.com/pylibssh/packaging/macos/build/arm64/include/openssl/proverr.h -> /Users/kodesairedhat.com/pylibssh/packaging/macos/build/universal2/include/openssl/proverr.h
/Users/kodesairedhat.com/pylibssh/packaging/macos/build/arm64/include/openssl/x509v3.h -> /Users/kodesairedhat.com/pylibssh/packaging/macos/build/universal2/include/openssl/x509v3.h
/Users/kodesairedhat.com/pylibssh/packaging/macos/build/arm64/include/openssl/core_object.h -> /Users/kodesairedhat.com/pylibssh/packaging/macos/build/universal2/include/openssl/core_object.h
/Users/kodesairedhat.com/pylibssh/packaging/macos/build/arm64/include/openssl/decodererr.h -> /Users/kodesairedhat.com/pylibssh/packaging/macos/build/universal2/include/openssl/decodererr.h
/Users/kodesairedhat.com/pylibssh/packaging/macos/build/arm64/include/openssl/param_build.h -> /Users/kodesairedhat.com/pylibssh/packaging/macos/build/universal2/include/openssl/param_build.h
/Users/kodesairedhat.com/pylibssh/packaging/macos/build/arm64/include/openssl/conf.h -> /Users/kodesairedhat.com/pylibssh/packaging/macos/build/universal2/include/openssl/conf.h
/Users/kodesairedhat.com/pylibssh/packaging/macos/build/arm64/include/openssl/ml_kem.h -> /Users/kodesairedhat.com/pylibssh/packaging/macos/build/universal2/include/openssl/ml_kem.h
/Users/kodesairedhat.com/pylibssh/packaging/macos/build/arm64/include/openssl/conftypes.h -> /Users/kodesairedhat.com/pylibssh/packaging/macos/build/universal2/include/openssl/conftypes.h
/Users/kodesairedhat.com/pylibssh/packaging/macos/build/arm64/include/openssl/md5.h -> /Users/kodesairedhat.com/pylibssh/packaging/macos/build/universal2/include/openssl/md5.h
/Users/kodesairedhat.com/pylibssh/packaging/macos/build/arm64/include/openssl/decoder.h -> /Users/kodesairedhat.com/pylibssh/packaging/macos/build/universal2/include/openssl/decoder.h
/Users/kodesairedhat.com/pylibssh/packaging/macos/build/arm64/include/openssl/pemerr.h -> /Users/kodesairedhat.com/pylibssh/packaging/macos/build/universal2/include/openssl/pemerr.h
/Users/kodesairedhat.com/pylibssh/packaging/macos/build/arm64/include/openssl/crmferr.h -> /Users/kodesairedhat.com/pylibssh/packaging/macos/build/universal2/include/openssl/crmferr.h
/Users/kodesairedhat.com/pylibssh/packaging/macos/build/arm64/include/openssl/x509_vfy.h -> /Users/kodesairedhat.com/pylibssh/packaging/macos/build/universal2/include/openssl/x509_vfy.h
/Users/kodesairedhat.com/pylibssh/packaging/macos/build/arm64/include/openssl/txt_db.h -> /Users/kodesairedhat.com/pylibssh/packaging/macos/build/universal2/include/openssl/txt_db.h
/Users/kodesairedhat.com/pylibssh/packaging/macos/build/arm64/include/openssl/cmp.h -> /Users/kodesairedhat.com/pylibssh/packaging/macos/build/universal2/include/openssl/cmp.h
/Users/kodesairedhat.com/pylibssh/packaging/macos/build/arm64/include/openssl/comperr.h -> /Users/kodesairedhat.com/pylibssh/packaging/macos/build/universal2/include/openssl/comperr.h
/Users/kodesairedhat.com/pylibssh/packaging/macos/build/arm64/include/openssl/cterr.h -> /Users/kodesairedhat.com/pylibssh/packaging/macos/build/universal2/include/openssl/cterr.h
/Users/kodesairedhat.com/pylibssh/packaging/macos/build/arm64/include/openssl/self_test.h -> /Users/kodesairedhat.com/pylibssh/packaging/macos/build/universal2/include/openssl/self_test.h
/Users/kodesairedhat.com/pylibssh/packaging/macos/build/arm64/include/openssl/safestack.h -> /Users/kodesairedhat.com/pylibssh/packaging/macos/build/universal2/include/openssl/safestack.h
/Users/kodesairedhat.com/pylibssh/packaging/macos/build/arm64/include/openssl/configuration.h -> /Users/kodesairedhat.com/pylibssh/packaging/macos/build/universal2/include/openssl/configuration.h
/Users/kodesairedhat.com/pylibssh/packaging/macos/build/arm64/include/openssl/fips_names.h -> /Users/kodesairedhat.com/pylibssh/packaging/macos/build/universal2/include/openssl/fips_names.h
/Users/kodesairedhat.com/pylibssh/packaging/macos/build/arm64/include/openssl/ecdsa.h -> /Users/kodesairedhat.com/pylibssh/packaging/macos/build/universal2/include/openssl/ecdsa.h
/Users/kodesairedhat.com/pylibssh/packaging/macos/build/arm64/include/openssl/sslerr.h -> /Users/kodesairedhat.com/pylibssh/packaging/macos/build/universal2/include/openssl/sslerr.h
/Users/kodesairedhat.com/pylibssh/packaging/macos/build/arm64/include/openssl/prov_ssl.h -> /Users/kodesairedhat.com/pylibssh/packaging/macos/build/universal2/include/openssl/prov_ssl.h
/Users/kodesairedhat.com/pylibssh/packaging/macos/build/arm64/include/openssl/fipskey.h -> /Users/kodesairedhat.com/pylibssh/packaging/macos/build/universal2/include/openssl/fipskey.h
/Users/kodesairedhat.com/pylibssh/packaging/macos/build/arm64/include/openssl/rc5.h -> /Users/kodesairedhat.com/pylibssh/packaging/macos/build/universal2/include/openssl/rc5.h
/Users/kodesairedhat.com/pylibssh/packaging/macos/build/arm64/include/openssl/uierr.h -> /Users/kodesairedhat.com/pylibssh/packaging/macos/build/universal2/include/openssl/uierr.h
/Users/kodesairedhat.com/pylibssh/packaging/macos/build/arm64/include/openssl/x509_acert.h -> /Users/kodesairedhat.com/pylibssh/packaging/macos/build/universal2/include/openssl/x509_acert.h
/Users/kodesairedhat.com/pylibssh/packaging/macos/build/arm64/include/openssl/x509v3err.h -> /Users/kodesairedhat.com/pylibssh/packaging/macos/build/universal2/include/openssl/x509v3err.h
/Users/kodesairedhat.com/pylibssh/packaging/macos/build/arm64/include/openssl/objects.h -> /Users/kodesairedhat.com/pylibssh/packaging/macos/build/universal2/include/openssl/objects.h
/Users/kodesairedhat.com/pylibssh/packaging/macos/build/arm64/include/openssl/pkcs12.h -> /Users/kodesairedhat.com/pylibssh/packaging/macos/build/universal2/include/openssl/pkcs12.h
/Users/kodesairedhat.com/pylibssh/packaging/macos/build/arm64/include/openssl/crypto.h -> /Users/kodesairedhat.com/pylibssh/packaging/macos/build/universal2/include/openssl/crypto.h
/Users/kodesairedhat.com/pylibssh/packaging/macos/build/arm64/include/openssl/crmf.h -> /Users/kodesairedhat.com/pylibssh/packaging/macos/build/universal2/include/openssl/crmf.h
/Users/kodesairedhat.com/pylibssh/packaging/macos/build/arm64/include/openssl/cmp_util.h -> /Users/kodesairedhat.com/pylibssh/packaging/macos/build/universal2/include/openssl/cmp_util.h
/Users/kodesairedhat.com/pylibssh/packaging/macos/build/arm64/include/openssl/opensslv.h -> /Users/kodesairedhat.com/pylibssh/packaging/macos/build/universal2/include/openssl/opensslv.h
/Users/kodesairedhat.com/pylibssh/packaging/macos/build/arm64/include/openssl/evperr.h -> /Users/kodesairedhat.com/pylibssh/packaging/macos/build/universal2/include/openssl/evperr.h
/Users/kodesairedhat.com/pylibssh/packaging/macos/build/arm64/include/openssl/pkcs7.h -> /Users/kodesairedhat.com/pylibssh/packaging/macos/build/universal2/include/openssl/pkcs7.h
/Users/kodesairedhat.com/pylibssh/packaging/macos/build/arm64/include/openssl/obj_mac.h -> /Users/kodesairedhat.com/pylibssh/packaging/macos/build/universal2/include/openssl/obj_mac.h
/Users/kodesairedhat.com/pylibssh/packaging/macos/build/arm64/include/openssl/ct.h -> /Users/kodesairedhat.com/pylibssh/packaging/macos/build/universal2/include/openssl/ct.h
/Users/kodesairedhat.com/pylibssh/packaging/macos/build/arm64/include/openssl/async.h -> /Users/kodesairedhat.com/pylibssh/packaging/macos/build/universal2/include/openssl/async.h
/Users/kodesairedhat.com/pylibssh/packaging/macos/build/arm64/include/openssl/buffer.h -> /Users/kodesairedhat.com/pylibssh/packaging/macos/build/universal2/include/openssl/buffer.h
/Users/kodesairedhat.com/pylibssh/packaging/macos/build/arm64/include/openssl/ssl.h -> /Users/kodesairedhat.com/pylibssh/packaging/macos/build/universal2/include/openssl/ssl.h
/Users/kodesairedhat.com/pylibssh/packaging/macos/build/arm64/include/openssl/srp.h -> /Users/kodesairedhat.com/pylibssh/packaging/macos/build/universal2/include/openssl/srp.h
/Users/kodesairedhat.com/pylibssh/packaging/macos/build/arm64/include/openssl/camellia.h -> /Users/kodesairedhat.com/pylibssh/packaging/macos/build/universal2/include/openssl/camellia.h
/Users/kodesairedhat.com/pylibssh/packaging/macos/build/arm64/include/openssl/httperr.h -> /Users/kodesairedhat.com/pylibssh/packaging/macos/build/universal2/include/openssl/httperr.h
/Users/kodesairedhat.com/pylibssh/packaging/macos/build/arm64/include/openssl/thread.h -> /Users/kodesairedhat.com/pylibssh/packaging/macos/build/universal2/include/openssl/thread.h
/Users/kodesairedhat.com/pylibssh/packaging/macos/build/arm64/include/openssl/hpke.h -> /Users/kodesairedhat.com/pylibssh/packaging/macos/build/universal2/include/openssl/hpke.h
/Users/kodesairedhat.com/pylibssh/packaging/macos/build/arm64/include/openssl/dherr.h -> /Users/kodesairedhat.com/pylibssh/packaging/macos/build/universal2/include/openssl/dherr.h
/Users/kodesairedhat.com/pylibssh/packaging/macos/build/arm64/include/openssl/evp.h -> /Users/kodesairedhat.com/pylibssh/packaging/macos/build/universal2/include/openssl/evp.h
/Users/kodesairedhat.com/pylibssh/packaging/macos/build/arm64/include/openssl/e_os2.h -> /Users/kodesairedhat.com/pylibssh/packaging/macos/build/universal2/include/openssl/e_os2.h
/Users/kodesairedhat.com/pylibssh/packaging/macos/build/arm64/include/openssl/trace.h -> /Users/kodesairedhat.com/pylibssh/packaging/macos/build/universal2/include/openssl/trace.h
/Users/kodesairedhat.com/pylibssh/packaging/macos/build/arm64/include/openssl/md4.h -> /Users/kodesairedhat.com/pylibssh/packaging/macos/build/universal2/include/openssl/md4.h
/Users/kodesairedhat.com/pylibssh/packaging/macos/build/arm64/include/openssl/core_names.h -> /Users/kodesairedhat.com/pylibssh/packaging/macos/build/universal2/include/openssl/core_names.h
/Users/kodesairedhat.com/pylibssh/packaging/macos/build/arm64/include/openssl/hmac.h -> /Users/kodesairedhat.com/pylibssh/packaging/macos/build/universal2/include/openssl/hmac.h
/Users/kodesairedhat.com/pylibssh/packaging/macos/build/arm64/include/openssl/provider.h -> /Users/kodesairedhat.com/pylibssh/packaging/macos/build/universal2/include/openssl/provider.h
/Users/kodesairedhat.com/pylibssh/packaging/macos/build/arm64/include/openssl/aes.h -> /Users/kodesairedhat.com/pylibssh/packaging/macos/build/universal2/include/openssl/aes.h
/Users/kodesairedhat.com/pylibssh/packaging/macos/build/arm64/include/openssl/engineerr.h -> /Users/kodesairedhat.com/pylibssh/packaging/macos/build/universal2/include/openssl/engineerr.h
/Users/kodesairedhat.com/pylibssh/packaging/macos/build/arm64/include/openssl/comp.h -> /Users/kodesairedhat.com/pylibssh/packaging/macos/build/universal2/include/openssl/comp.h
/Users/kodesairedhat.com/pylibssh/packaging/macos/build/arm64/include/openssl/macros.h -> /Users/kodesairedhat.com/pylibssh/packaging/macos/build/universal2/include/openssl/macros.h
/Users/kodesairedhat.com/pylibssh/packaging/macos/build/arm64/include/openssl/pkcs12err.h -> /Users/kodesairedhat.com/pylibssh/packaging/macos/build/universal2/include/openssl/pkcs12err.h
/Users/kodesairedhat.com/pylibssh/packaging/macos/build/arm64/include/openssl/encoder.h -> /Users/kodesairedhat.com/pylibssh/packaging/macos/build/universal2/include/openssl/encoder.h
/Users/kodesairedhat.com/pylibssh/packaging/macos/build/arm64/include/openssl/cast.h -> /Users/kodesairedhat.com/pylibssh/packaging/macos/build/universal2/include/openssl/cast.h
/Users/kodesairedhat.com/pylibssh/packaging/macos/build/arm64/include/openssl/sslerr_legacy.h -> /Users/kodesairedhat.com/pylibssh/packaging/macos/build/universal2/include/openssl/sslerr_legacy.h
/Users/kodesairedhat.com/pylibssh/packaging/macos/build/arm64/include/openssl/indicator.h -> /Users/kodesairedhat.com/pylibssh/packaging/macos/build/universal2/include/openssl/indicator.h
/Users/kodesairedhat.com/pylibssh/packaging/macos/build/arm64/include/openssl/rc4.h -> /Users/kodesairedhat.com/pylibssh/packaging/macos/build/universal2/include/openssl/rc4.h
/Users/kodesairedhat.com/pylibssh/packaging/macos/build/arm64/include/openssl/stack.h -> /Users/kodesairedhat.com/pylibssh/packaging/macos/build/universal2/include/openssl/stack.h
/Users/kodesairedhat.com/pylibssh/packaging/macos/build/arm64/include/openssl/des.h -> /Users/kodesairedhat.com/pylibssh/packaging/macos/build/universal2/include/openssl/des.h
/Users/kodesairedhat.com/pylibssh/packaging/macos/build/arm64/include/openssl/ocsp.h -> /Users/kodesairedhat.com/pylibssh/packaging/macos/build/universal2/include/openssl/ocsp.h
/Users/kodesairedhat.com/pylibssh/packaging/macos/build/arm64/include/openssl/ec.h -> /Users/kodesairedhat.com/pylibssh/packaging/macos/build/universal2/include/openssl/ec.h
/Users/kodesairedhat.com/pylibssh/packaging/macos/build/arm64/include/openssl/ecdh.h -> /Users/kodesairedhat.com/pylibssh/packaging/macos/build/universal2/include/openssl/ecdh.h
/Users/kodesairedhat.com/pylibssh/packaging/macos/build/arm64/include/openssl/rand.h -> /Users/kodesairedhat.com/pylibssh/packaging/macos/build/universal2/include/openssl/rand.h
/Users/kodesairedhat.com/pylibssh/packaging/macos/build/arm64/include/openssl/ecerr.h -> /Users/kodesairedhat.com/pylibssh/packaging/macos/build/universal2/include/openssl/ecerr.h
/Users/kodesairedhat.com/pylibssh/packaging/macos/build/arm64/include/openssl/ts.h -> /Users/kodesairedhat.com/pylibssh/packaging/macos/build/universal2/include/openssl/ts.h
/Users/kodesairedhat.com/pylibssh/packaging/macos/build/arm64/include/openssl/core_dispatch.h -> /Users/kodesairedhat.com/pylibssh/packaging/macos/build/universal2/include/openssl/core_dispatch.h
/Users/kodesairedhat.com/pylibssh/packaging/macos/build/arm64/include/openssl/cryptoerr.h -> /Users/kodesairedhat.com/pylibssh/packaging/macos/build/universal2/include/openssl/cryptoerr.h
/Users/kodesairedhat.com/pylibssh/packaging/macos/build/arm64/include/openssl/storeerr.h -> /Users/kodesairedhat.com/pylibssh/packaging/macos/build/universal2/include/openssl/storeerr.h
/Users/kodesairedhat.com/pylibssh/packaging/macos/build/arm64/include/openssl/buffererr.h -> /Users/kodesairedhat.com/pylibssh/packaging/macos/build/universal2/include/openssl/buffererr.h
/Users/kodesairedhat.com/pylibssh/packaging/macos/build/arm64/include/openssl/seed.h -> /Users/kodesairedhat.com/pylibssh/packaging/macos/build/universal2/include/openssl/seed.h
/Users/kodesairedhat.com/pylibssh/packaging/macos/build/arm64/include/openssl/modes.h -> /Users/kodesairedhat.com/pylibssh/packaging/macos/build/universal2/include/openssl/modes.h
/Users/kodesairedhat.com/pylibssh/packaging/macos/build/arm64/include/openssl/ssl2.h -> /Users/kodesairedhat.com/pylibssh/packaging/macos/build/universal2/include/openssl/ssl2.h
/Users/kodesairedhat.com/pylibssh/packaging/macos/build/arm64/include/openssl/tserr.h -> /Users/kodesairedhat.com/pylibssh/packaging/macos/build/universal2/include/openssl/tserr.h
/Users/kodesairedhat.com/pylibssh/packaging/macos/build/arm64/include/openssl/rsa.h -> /Users/kodesairedhat.com/pylibssh/packaging/macos/build/universal2/include/openssl/rsa.h
/Users/kodesairedhat.com/pylibssh/packaging/macos/build/arm64/include/openssl/ripemd.h -> /Users/kodesairedhat.com/pylibssh/packaging/macos/build/universal2/include/openssl/ripemd.h
/Users/kodesairedhat.com/pylibssh/packaging/macos/build/arm64/include/openssl/whrlpool.h -> /Users/kodesairedhat.com/pylibssh/packaging/macos/build/universal2/include/openssl/whrlpool.h
/Users/kodesairedhat.com/pylibssh/packaging/macos/build/arm64/include/openssl/encodererr.h -> /Users/kodesairedhat.com/pylibssh/packaging/macos/build/universal2/include/openssl/encodererr.h
/Users/kodesairedhat.com/pylibssh/packaging/macos/build/arm64/include/openssl/cmperr.h -> /Users/kodesairedhat.com/pylibssh/packaging/macos/build/universal2/include/openssl/cmperr.h
/Users/kodesairedhat.com/pylibssh/packaging/macos/build/arm64/include/openssl/tls1.h -> /Users/kodesairedhat.com/pylibssh/packaging/macos/build/universal2/include/openssl/tls1.h
/Users/kodesairedhat.com/pylibssh/packaging/macos/build/arm64/include/openssl/rsaerr.h -> /Users/kodesairedhat.com/pylibssh/packaging/macos/build/universal2/include/openssl/rsaerr.h
/Users/kodesairedhat.com/pylibssh/packaging/macos/build/arm64/include/openssl/randerr.h -> /Users/kodesairedhat.com/pylibssh/packaging/macos/build/universal2/include/openssl/randerr.h
/Users/kodesairedhat.com/pylibssh/packaging/macos/build/arm64/include/openssl/mdc2.h -> /Users/kodesairedhat.com/pylibssh/packaging/macos/build/universal2/include/openssl/mdc2.h
/Users/kodesairedhat.com/pylibssh/packaging/macos/build/arm64/include/openssl/ocsperr.h -> /Users/kodesairedhat.com/pylibssh/packaging/macos/build/universal2/include/openssl/ocsperr.h
/Users/kodesairedhat.com/pylibssh/packaging/macos/build/arm64/include/openssl/x509err.h -> /Users/kodesairedhat.com/pylibssh/packaging/macos/build/universal2/include/openssl/x509err.h
/Users/kodesairedhat.com/pylibssh/packaging/macos/build/arm64/include/openssl/pkcs7err.h -> /Users/kodesairedhat.com/pylibssh/packaging/macos/build/universal2/include/openssl/pkcs7err.h
/Users/kodesairedhat.com/pylibssh/packaging/macos/build/arm64/include/openssl/dsa.h -> /Users/kodesairedhat.com/pylibssh/packaging/macos/build/universal2/include/openssl/dsa.h
/Users/kodesairedhat.com/pylibssh/packaging/macos/build/arm64/include/openssl/kdferr.h -> /Users/kodesairedhat.com/pylibssh/packaging/macos/build/universal2/include/openssl/kdferr.h
/Users/kodesairedhat.com/pylibssh/packaging/macos/build/arm64/include/openssl/srtp.h -> /Users/kodesairedhat.com/pylibssh/packaging/macos/build/universal2/include/openssl/srtp.h
/Users/kodesairedhat.com/pylibssh/packaging/macos/build/arm64/include/openssl/asn1t.h -> /Users/kodesairedhat.com/pylibssh/packaging/macos/build/universal2/include/openssl/asn1t.h
/Users/kodesairedhat.com/pylibssh/packaging/macos/build/arm64/include/openssl/e_ostime.h -> /Users/kodesairedhat.com/pylibssh/packaging/macos/build/universal2/include/openssl/e_ostime.h
/Users/kodesairedhat.com/pylibssh/packaging/macos/build/arm64/include/openssl/dsaerr.h -> /Users/kodesairedhat.com/pylibssh/packaging/macos/build/universal2/include/openssl/dsaerr.h
/Users/kodesairedhat.com/pylibssh/packaging/macos/build/arm64/include/openssl/bnerr.h -> /Users/kodesairedhat.com/pylibssh/packaging/macos/build/universal2/include/openssl/bnerr.h
/Users/kodesairedhat.com/pylibssh/packaging/macos/build/arm64/include/openssl/conferr.h -> /Users/kodesairedhat.com/pylibssh/packaging/macos/build/universal2/include/openssl/conferr.h
/Users/kodesairedhat.com/pylibssh/packaging/macos/build/arm64/include/openssl/cmac.h -> /Users/kodesairedhat.com/pylibssh/packaging/macos/build/universal2/include/openssl/cmac.h
/Users/kodesairedhat.com/pylibssh/packaging/macos/build/arm64/include/openssl/ebcdic.h -> /Users/kodesairedhat.com/pylibssh/packaging/macos/build/universal2/include/openssl/ebcdic.h
/Users/kodesairedhat.com/pylibssh/packaging/macos/build/arm64/include/openssl/store.h -> /Users/kodesairedhat.com/pylibssh/packaging/macos/build/universal2/include/openssl/store.h
/Users/kodesairedhat.com/pylibssh/packaging/macos/build/arm64/include/openssl/idea.h -> /Users/kodesairedhat.com/pylibssh/packaging/macos/build/universal2/include/openssl/idea.h
/Users/kodesairedhat.com/pylibssh/packaging/macos/build/arm64/include/openssl/lhash.h -> /Users/kodesairedhat.com/pylibssh/packaging/macos/build/universal2/include/openssl/lhash.h
/Users/kodesairedhat.com/pylibssh/packaging/macos/build/arm64/include/openssl/ess.h -> /Users/kodesairedhat.com/pylibssh/packaging/macos/build/universal2/include/openssl/ess.h
/Users/kodesairedhat.com/pylibssh/packaging/macos/build/arm64/include/openssl/asn1err.h -> /Users/kodesairedhat.com/pylibssh/packaging/macos/build/universal2/include/openssl/asn1err.h
/Users/kodesairedhat.com/pylibssh/packaging/macos/build/arm64/include/openssl/quic.h -> /Users/kodesairedhat.com/pylibssh/packaging/macos/build/universal2/include/openssl/quic.h
Merging libcrypto.a
Merging libssh.a
Merging libssl.a
Done. Universal2 artifacts in /Users/kodesairedhat.com/pylibssh/packaging/macos/build/universal2/
/Users/kodesairedhat.com/pylibssh/packaging/macos/build/universal2/lib/libcrypto.a: Mach-O universal binary with 2 architectures: [x86_64:current ar archive random library] [arm64]
/Users/kodesairedhat.com/pylibssh/packaging/macos/build/universal2/lib/libcrypto.a (for architecture x86_64):	current ar archive random library
/Users/kodesairedhat.com/pylibssh/packaging/macos/build/universal2/lib/libcrypto.a (for architecture arm64):	current ar archive random library
/Users/kodesairedhat.com/pylibssh/packaging/macos/build/universal2/lib/libssh.a:    Mach-O universal binary with 2 architectures: [x86_64:current ar archive random library] [arm64:current ar archive random library]
/Users/kodesairedhat.com/pylibssh/packaging/macos/build/universal2/lib/libssh.a (for architecture x86_64):	current ar archive random library
/Users/kodesairedhat.com/pylibssh/packaging/macos/build/universal2/lib/libssh.a (for architecture arm64):	current ar archive random library
/Users/kodesairedhat.com/pylibssh/packaging/macos/build/universal2/lib/libssl.a:    Mach-O universal binary with 2 architectures: [x86_64:current ar archive random library] [arm64]
/Users/kodesairedhat.com/pylibssh/packaging/macos/build/universal2/lib/libssl.a (for architecture x86_64):	current ar archive random library
/Users/kodesairedhat.com/pylibssh/packaging/macos/build/universal2/lib/libssl.a (for architecture arm64):	current ar archive random library
Verifying libraries in /Users/kodesairedhat.com/pylibssh/packaging/macos/build/universal2...
-rw-r--r--@ 1 kodesairedhat.com  staff    19M Mar  5 13:40 /Users/kodesairedhat.com/pylibssh/packaging/macos/build/universal2/lib/libcrypto.a
-rw-r--r--@ 1 kodesairedhat.com  staff   1.8M Mar  5 13:40 /Users/kodesairedhat.com/pylibssh/packaging/macos/build/universal2/lib/libssh.a
-rw-r--r--@ 1 kodesairedhat.com  staff   3.8M Mar  5 13:40 /Users/kodesairedhat.com/pylibssh/packaging/macos/build/universal2/lib/libssl.a
/Users/kodesairedhat.com/pylibssh/packaging/macos/build/universal2/lib/libssh.a: Mach-O universal binary with 2 architectures: [x86_64:current ar archive random library] [arm64:current ar archive random library]
/Users/kodesairedhat.com/pylibssh/packaging/macos/build/universal2/lib/libssh.a (for architecture x86_64):	current ar archive random library
/Users/kodesairedhat.com/pylibssh/packaging/macos/build/universal2/lib/libssh.a (for architecture arm64):	current ar archive random library
Static dependencies path: /Users/kodesairedhat.com/pylibssh/packaging/macos/build/universal2
CFLAGS: -I/Users/kodesairedhat.com/pylibssh/packaging/macos/build/universal2/include -I/Users/kodesairedhat.com/pylibssh/packaging/macos/build/universal2/include 
LDFLAGS: -L/Users/kodesairedhat.com/pylibssh/packaging/macos/build/universal2/lib -L/Users/kodesairedhat.com/pylibssh/packaging/macos/build/universal2/lib 
Build preparation complete.

                                                                     ✓ 408.34s
Building wheel...

+ python -m pip wheel /Users/kodesairedhat.com/pylibssh --wheel-dir=/private/var/folders/dd/scys5wx51xd676tkz7xj1psm0000gn/T/cibw-run-rf0tknp1/cp312-macosx_universal2/built_wheel --no-deps
Processing /Users/kodesairedhat.com/pylibssh
  Installing build dependencies: started
  Installing build dependencies: finished with status 'done'
  Getting requirements to build wheel: started
  Getting requirements to build wheel: finished with status 'done'
  Installing backend dependencies: started
  Installing backend dependencies: finished with status 'done'
  Preparing metadata (pyproject.toml): started
  Preparing metadata (pyproject.toml): finished with status 'done'
Building wheels for collected packages: ansible-pylibssh
  Building wheel for ansible-pylibssh (pyproject.toml): started
  Building wheel for ansible-pylibssh (pyproject.toml): finished with status 'done'
  Created wheel for ansible-pylibssh: filename=ansible_pylibssh-0.1.dev2095+gfe80be0ec.d20260305-cp312-cp312-macosx_10_13_universal2.whl size=2312191 sha256=933544ed918950393805e3c0fb095335a37cfbf12a33b93d898680f395d359b8
  Stored in directory: /private/var/folders/dd/scys5wx51xd676tkz7xj1psm0000gn/T/pip-ephem-wheel-cache-ipre_mb9/wheels/6e/e9/ad/79cc7df0a802b737e4991364862b6fa48e058fd36071b44892
Successfully built ansible-pylibssh

                                                                      ✓ 24.35s
Repairing wheel...

+ delocate-wheel --require-archs x86_64,arm64 -w /private/var/folders/dd/scys5wx51xd676tkz7xj1psm0000gn/T/cibw-run-rf0tknp1/cp312-macosx_universal2/repaired_wheel -v /private/var/folders/dd/scys5wx51xd676tkz7xj1psm0000gn/T/cibw-run-rf0tknp1/cp312-macosx_universal2/built_wheel/ansible_pylibssh-0.1.dev2095+gfe80be0ec.d20260305-cp312-cp312-macosx_10_13_universal2.whl
Fixing: /private/var/folders/dd/scys5wx51xd676tkz7xj1psm0000gn/T/cibw-run-rf0tknp1/cp312-macosx_universal2/built_wheel/ansible_pylibssh-0.1.dev2095+gfe80be0ec.d20260305-cp312-cp312-macosx_10_13_universal2.whl

                                                                       ✓ 3.34s
+ python -sSc 'import platform; print(platform.machine())'
Testing wheel...

+ /Library/Frameworks/Python.framework/Versions/3.12/bin/python3 -sS /Users/kodesairedhat.com/Library/Caches/cibuildwheel/virtualenv-20.35.4.pyz --activators= --no-periodic-update --pip=25.3 --no-setuptools --symlink-app-data --python /Library/Frameworks/Python.framework/Versions/3.12/bin/python3.12 /private/var/folders/dd/scys5wx51xd676tkz7xj1psm0000gn/T/cibw-run-rf0tknp1/cp312-macosx_universal2/venv-test-x86_64
created virtual environment CPython3.12.6.final.0-64 in 143ms
  creator CPython3Posix(dest=/private/var/folders/dd/scys5wx51xd676tkz7xj1psm0000gn/T/cibw-run-rf0tknp1/cp312-macosx_universal2/venv-test-x86_64, clear=False, no_vcs_ignore=False, global=False)
  seeder FromAppData(download=False, pip=25.3, via=symlink, app_data_dir=/Users/kodesairedhat.com/Library/Application Support/virtualenv)
    added seed packages: pip==25.3
+ which python
/private/var/folders/dd/scys5wx51xd676tkz7xj1psm0000gn/T/cibw-run-rf0tknp1/cp312-macosx_universal2/venv-test-x86_64/bin/python
+ pip install /private/var/folders/dd/scys5wx51xd676tkz7xj1psm0000gn/T/cibw-run-rf0tknp1/cp312-macosx_universal2/repaired_wheel/ansible_pylibssh-0.1.dev2095+gfe80be0ec.d20260305-cp312-cp312-macosx_10_13_universal2.whl
Processing /private/var/folders/dd/scys5wx51xd676tkz7xj1psm0000gn/T/cibw-run-rf0tknp1/cp312-macosx_universal2/repaired_wheel/ansible_pylibssh-0.1.dev2095+gfe80be0ec.d20260305-cp312-cp312-macosx_10_13_universal2.whl
Installing collected packages: ansible-pylibssh
Successfully installed ansible-pylibssh-0.1.dev2095+gfe80be0ec.d20260305
+ pip install pytest pytest-cov pytest-xdist
Collecting pytest
  Using cached pytest-9.0.2-py3-none-any.whl.metadata (7.6 kB)
Collecting pytest-cov
  Using cached pytest_cov-7.0.0-py3-none-any.whl.metadata (31 kB)
Collecting pytest-xdist
  Using cached pytest_xdist-3.8.0-py3-none-any.whl.metadata (3.0 kB)
Collecting iniconfig>=1.0.1 (from pytest)
  Using cached iniconfig-2.3.0-py3-none-any.whl.metadata (2.5 kB)
Collecting packaging>=22 (from pytest)
  Using cached packaging-26.0-py3-none-any.whl.metadata (3.3 kB)
Collecting pluggy<2,>=1.5 (from pytest)
  Using cached pluggy-1.6.0-py3-none-any.whl.metadata (4.8 kB)
Collecting pygments>=2.7.2 (from pytest)
  Using cached pygments-2.19.2-py3-none-any.whl.metadata (2.5 kB)
Collecting coverage>=7.10.6 (from coverage[toml]>=7.10.6->pytest-cov)
  Using cached coverage-7.13.4-cp312-cp312-macosx_10_13_x86_64.whl.metadata (8.5 kB)
Collecting execnet>=2.1 (from pytest-xdist)
  Using cached execnet-2.1.2-py3-none-any.whl.metadata (2.9 kB)
Using cached pytest-9.0.2-py3-none-any.whl (374 kB)
Using cached pluggy-1.6.0-py3-none-any.whl (20 kB)
Using cached pytest_cov-7.0.0-py3-none-any.whl (22 kB)
Using cached pytest_xdist-3.8.0-py3-none-any.whl (46 kB)
Using cached coverage-7.13.4-cp312-cp312-macosx_10_13_x86_64.whl (219 kB)
Using cached execnet-2.1.2-py3-none-any.whl (40 kB)
Using cached iniconfig-2.3.0-py3-none-any.whl (7.5 kB)
Using cached packaging-26.0-py3-none-any.whl (74 kB)
Using cached pygments-2.19.2-py3-none-any.whl (1.2 MB)
Installing collected packages: pygments, pluggy, packaging, iniconfig, execnet, coverage, pytest, pytest-xdist, pytest-cov

Successfully installed coverage-7.13.4 execnet-2.1.2 iniconfig-2.3.0 packaging-26.0 pluggy-1.6.0 pygments-2.19.2 pytest-9.0.2 pytest-cov-7.0.0 pytest-xdist-3.8.0
+ /bin/sh -c 'python -Im pytest -m smoke --no-cov /Users/kodesairedhat.com/pylibssh/tests'
============================= test session starts ==============================
platform darwin -- Python 3.12.6, pytest-9.0.2, pluggy-1.6.0
rootdir: /Users/kodesairedhat.com/pylibssh
configfile: pytest.ini
plugins: cov-7.0.0, xdist-3.8.0
created: 8/8 workers
8 workers [4 items]

....                                                                     [100%]
- generated xml file: /private/var/folders/dd/scys5wx51xd676tkz7xj1psm0000gn/T/cibw-run-rf0tknp1/cp312-macosx_universal2/test_cwd/.test-results/pytest/results.xml -
============================= slowest 10 durations =============================

(10 durations < 0.005s hidden.  Use -vv to show these durations.)
============================== 4 passed in 2.03s ===============================

                                                                      ✓ 13.66s

✓ cp312-macosx_universal2 finished in 8 minutes

1 wheel produced in 8 minutes

  cp312-macosx_universal2: ansible_pylibssh-0.1.dev2095+gfe80be0ec.d20260305-cp312-cp312-macosx_10_13_universal2.whl 2.3 MB in 8 minutes, SHA256=fb59d59e331ec8006fedb3db495af0b5f22b2a94971c8ebbac65265963b54dae

